cd api && .venv/bin/python -m screener.regress --all --baseline /tmp/market-screener-dev15.AV9tDr/dashboard-engine184.json
  6979 companies queued for recomputation
  250/6979 recomputed
  500/6979 recomputed
  750/6979 recomputed
  1000/6979 recomputed
  1250/6979 recomputed
  1500/6979 recomputed
  1750/6979 recomputed
  2000/6979 recomputed
  2250/6979 recomputed
  2500/6979 recomputed
  2750/6979 recomputed
  3000/6979 recomputed
  3250/6979 recomputed
  3500/6979 recomputed
  3750/6979 recomputed
  4000/6979 recomputed
  4250/6979 recomputed
  4500/6979 recomputed
  4750/6979 recomputed
  5000/6979 recomputed
  5250/6979 recomputed
  5500/6979 recomputed
  5750/6979 recomputed
  6000/6979 recomputed
  6250/6979 recomputed
  6500/6979 recomputed
  6750/6979 recomputed
  250/6979 compared
  500/6979 compared
  750/6979 compared
  1000/6979 compared
  1250/6979 compared
  1500/6979 compared
  1750/6979 compared
  2000/6979 compared
  2250/6979 compared
  2500/6979 compared
  2750/6979 compared
  3000/6979 compared
  3250/6979 compared
  3500/6979 compared
  3750/6979 compared
  4000/6979 compared
  4250/6979 compared
  4500/6979 compared
  4750/6979 compared
  5000/6979 compared
  5250/6979 compared
  5500/6979 compared
  5750/6979 compared
  6000/6979 compared
  6250/6979 compared
  6500/6979 compared
  6750/6979 compared

no field moved across 6979 companies
