start_utc=2026-09-28T17:44:11Z
  retaining Inline-XBRL statements: activated (1/18)
  retaining Inline-XBRL statements: reused (2/18)
  retaining Inline-XBRL statements: reused (3/18)
  retaining Inline-XBRL statements: reused (4/18)
  retaining Inline-XBRL statements: reused (5/18)
  retaining Inline-XBRL statements: reused (6/18)
  retaining Inline-XBRL statements: activated (7/18)
  retaining Inline-XBRL statements: activated (8/18)
  retaining Inline-XBRL statements: reused (9/18)
  retaining Inline-XBRL statements: reused (10/18)
  retaining Inline-XBRL statements: reused (11/18)
  retaining Inline-XBRL statements: reused (12/18)
  retaining Inline-XBRL statements: activated (13/18)
  retaining Inline-XBRL statements: reused (14/18)
  retaining Inline-XBRL statements: reused (15/18)
  retaining Inline-XBRL statements: reused (16/18)
  retaining Inline-XBRL statements: reused (17/18)
  retaining Inline-XBRL statements: reused (18/18)
end_utc=2026-09-28T17:44:52Z
exit_code=0
