start_utc=2026-09-28T18:18:44Z
Filesystem      Size    Used   Avail Capacity iused ifree %iused  Mounted on
/dev/disk3s5   460Gi   404Gi   9.7Gi    98%    9.2M  101M    8%   /System/Volumes/Data
/dev/disk3s5   460Gi   404Gi   9.7Gi    98%    9.2M  101M    8%   /System/Volumes/Data
The system has 17179869184 (1048576 pages with a page size of 16384).
System-wide memory free percentage: 43%
cd api && .venv/bin/python -m screener.sync export
  fetching prices and history for 6772 verified tickers (0/6772)
  fetching prices and history (25/6772)
  fetching prices and history (50/6772)
  fetching prices and history (75/6772)
  fetching prices and history (100/6772)
  fetching prices and history (125/6772)
  fetching prices and history (150/6772)
  fetching prices and history (175/6772)
  fetching prices and history (200/6772)
  fetching prices and history (225/6772)
  fetching prices and history (250/6772)
  fetching prices and history (275/6772)
  fetching prices and history (300/6772)
  fetching prices and history (325/6772)
  fetching prices and history (350/6772)
  fetching prices and history (375/6772)
  fetching prices and history (400/6772)
  fetching prices and history (425/6772)
  fetching prices and history (450/6772)
  fetching prices and history (475/6772)
  fetching prices and history (500/6772)
  fetching prices and history (525/6772)
  fetching prices and history (550/6772)
  fetching prices and history (575/6772)
  fetching prices and history (600/6772)
  fetching prices and history (625/6772)
  fetching prices and history (650/6772)
  fetching prices and history (675/6772)
  fetching prices and history (700/6772)
  fetching prices and history (725/6772)
  fetching prices and history (750/6772)
  fetching prices and history (775/6772)
  fetching prices and history (800/6772)
  fetching prices and history (825/6772)
  fetching prices and history (850/6772)
  fetching prices and history (875/6772)
  fetching prices and history (900/6772)
  fetching prices and history (925/6772)
  fetching prices and history (950/6772)
  fetching prices and history (975/6772)
  fetching prices and history (1000/6772)
  fetching prices and history (1025/6772)
  fetching prices and history (1050/6772)
  fetching prices and history (1075/6772)
  fetching prices and history (1100/6772)
  fetching prices and history (1125/6772)
  fetching prices and history (1150/6772)
  fetching prices and history (1175/6772)
  fetching prices and history (1200/6772)
  fetching prices and history (1225/6772)
  fetching prices and history (1250/6772)
  fetching prices and history (1275/6772)
  fetching prices and history (1300/6772)
  fetching prices and history (1325/6772)
  fetching prices and history (1350/6772)
  fetching prices and history (1375/6772)
  fetching prices and history (1400/6772)
  fetching prices and history (1425/6772)
  fetching prices and history (1450/6772)
  fetching prices and history (1475/6772)
  fetching prices and history (1500/6772)
  fetching prices and history (1525/6772)
  fetching prices and history (1550/6772)
  fetching prices and history (1575/6772)
  fetching prices and history (1600/6772)
  fetching prices and history (1625/6772)
  fetching prices and history (1650/6772)
  fetching prices and history (1675/6772)
  fetching prices and history (1700/6772)
  fetching prices and history (1725/6772)
  fetching prices and history (1750/6772)
  fetching prices and history (1775/6772)
  fetching prices and history (1800/6772)
  fetching prices and history (1825/6772)
  fetching prices and history (1850/6772)
  fetching prices and history (1875/6772)
  fetching prices and history (1900/6772)
  fetching prices and history (1925/6772)
  fetching prices and history (1950/6772)
  fetching prices and history (1975/6772)
  fetching prices and history (2000/6772)
  fetching prices and history (2025/6772)
  fetching prices and history (2050/6772)
  fetching prices and history (2075/6772)
  fetching prices and history (2100/6772)
  fetching prices and history (2125/6772)
  fetching prices and history (2150/6772)
  fetching prices and history (2175/6772)
  fetching prices and history (2200/6772)
  fetching prices and history (2225/6772)
  fetching prices and history (2250/6772)
  fetching prices and history (2275/6772)
  fetching prices and history (2300/6772)
  fetching prices and history (2325/6772)
  fetching prices and history (2350/6772)
  fetching prices and history (2375/6772)
  fetching prices and history (2400/6772)
  fetching prices and history (2425/6772)
  fetching prices and history (2450/6772)
  fetching prices and history (2475/6772)
  fetching prices and history (2500/6772)
  fetching prices and history (2525/6772)
  fetching prices and history (2550/6772)
  fetching prices and history (2575/6772)
  fetching prices and history (2600/6772)
  fetching prices and history (2625/6772)
  fetching prices and history (2650/6772)
  fetching prices and history (2675/6772)
  fetching prices and history (2700/6772)
  fetching prices and history (2725/6772)
  fetching prices and history (2750/6772)
  fetching prices and history (2775/6772)
  fetching prices and history (2800/6772)
  fetching prices and history (2825/6772)
  fetching prices and history (2850/6772)
  fetching prices and history (2875/6772)
  fetching prices and history (2900/6772)
  fetching prices and history (2925/6772)
  fetching prices and history (2950/6772)
  fetching prices and history (2975/6772)
  fetching prices and history (3000/6772)
  fetching prices and history (3025/6772)
  fetching prices and history (3050/6772)
  fetching prices and history (3075/6772)
  fetching prices and history (3100/6772)
  fetching prices and history (3125/6772)
  fetching prices and history (3150/6772)
  fetching prices and history (3175/6772)
  fetching prices and history (3200/6772)
  fetching prices and history (3225/6772)
  fetching prices and history (3250/6772)
  fetching prices and history (3275/6772)
  fetching prices and history (3300/6772)
  fetching prices and history (3325/6772)
  fetching prices and history (3350/6772)
  fetching prices and history (3375/6772)
  fetching prices and history (3400/6772)
  fetching prices and history (3425/6772)
  fetching prices and history (3450/6772)
  fetching prices and history (3475/6772)
  fetching prices and history (3500/6772)
  fetching prices and history (3525/6772)
  fetching prices and history (3550/6772)
  fetching prices and history (3575/6772)
  fetching prices and history (3600/6772)
  fetching prices and history (3625/6772)
  fetching prices and history (3650/6772)
  fetching prices and history (3675/6772)
  fetching prices and history (3700/6772)
  fetching prices and history (3725/6772)
  fetching prices and history (3750/6772)
  fetching prices and history (3775/6772)
  fetching prices and history (3800/6772)
  fetching prices and history (3825/6772)
  fetching prices and history (3850/6772)
  fetching prices and history (3875/6772)
  fetching prices and history (3900/6772)
  fetching prices and history (3925/6772)
  fetching prices and history (3950/6772)
  fetching prices and history (3975/6772)
  fetching prices and history (4000/6772)
  fetching prices and history (4025/6772)
  fetching prices and history (4050/6772)
  fetching prices and history (4075/6772)
  fetching prices and history (4100/6772)
  fetching prices and history (4125/6772)
  fetching prices and history (4150/6772)
  fetching prices and history (4175/6772)
  fetching prices and history (4200/6772)
  fetching prices and history (4225/6772)
  fetching prices and history (4250/6772)
  fetching prices and history (4275/6772)
  fetching prices and history (4300/6772)
  fetching prices and history (4325/6772)
  fetching prices and history (4350/6772)
  fetching prices and history (4375/6772)
  fetching prices and history (4400/6772)
  fetching prices and history (4425/6772)
  fetching prices and history (4450/6772)
  fetching prices and history (4475/6772)
  fetching prices and history (4500/6772)
  fetching prices and history (4525/6772)
  fetching prices and history (4550/6772)
  fetching prices and history (4575/6772)
  fetching prices and history (4600/6772)
  fetching prices and history (4625/6772)
  fetching prices and history (4650/6772)
  fetching prices and history (4675/6772)
  fetching prices and history (4700/6772)
  fetching prices and history (4725/6772)
  fetching prices and history (4750/6772)
  fetching prices and history (4775/6772)
  fetching prices and history (4800/6772)
  fetching prices and history (4825/6772)
  fetching prices and history (4850/6772)
  fetching prices and history (4875/6772)
  fetching prices and history (4900/6772)
  fetching prices and history (4925/6772)
  fetching prices and history (4950/6772)
  fetching prices and history (4975/6772)
  fetching prices and history (5000/6772)
  fetching prices and history (5025/6772)
  fetching prices and history (5050/6772)
  fetching prices and history (5075/6772)
  fetching prices and history (5100/6772)
  fetching prices and history (5125/6772)
  fetching prices and history (5150/6772)
  fetching prices and history (5175/6772)
  fetching prices and history (5200/6772)
  fetching prices and history (5225/6772)
  fetching prices and history (5250/6772)
  fetching prices and history (5275/6772)
  fetching prices and history (5300/6772)
  fetching prices and history (5325/6772)
  fetching prices and history (5350/6772)
  fetching prices and history (5375/6772)
  fetching prices and history (5400/6772)
  fetching prices and history (5425/6772)
  fetching prices and history (5450/6772)
  fetching prices and history (5475/6772)
  fetching prices and history (5500/6772)
  fetching prices and history (5525/6772)
  fetching prices and history (5550/6772)
  fetching prices and history (5575/6772)
  fetching prices and history (5600/6772)
  fetching prices and history (5625/6772)
  fetching prices and history (5650/6772)
  fetching prices and history (5675/6772)
  fetching prices and history (5700/6772)
  fetching prices and history (5725/6772)
  fetching prices and history (5750/6772)
  fetching prices and history (5775/6772)
  fetching prices and history (5800/6772)
  fetching prices and history (5825/6772)
  fetching prices and history (5850/6772)
  fetching prices and history (5875/6772)
  fetching prices and history (5900/6772)
  fetching prices and history (5925/6772)
  fetching prices and history (5950/6772)
  fetching prices and history (5975/6772)
  fetching prices and history (6000/6772)
  fetching prices and history (6025/6772)
  fetching prices and history (6050/6772)
  fetching prices and history (6075/6772)
  fetching prices and history (6100/6772)
  fetching prices and history (6125/6772)
  fetching prices and history (6150/6772)
  fetching prices and history (6175/6772)
  fetching prices and history (6200/6772)
  fetching prices and history (6225/6772)
  fetching prices and history (6250/6772)
  fetching prices and history (6275/6772)
  fetching prices and history (6300/6772)
  fetching prices and history (6325/6772)
  fetching prices and history (6350/6772)
  fetching prices and history (6375/6772)
  fetching prices and history (6400/6772)
  fetching prices and history (6425/6772)
  fetching prices and history (6450/6772)
  fetching prices and history (6475/6772)
  fetching prices and history (6500/6772)
  fetching prices and history (6525/6772)
  fetching prices and history (6550/6772)
  fetching prices and history (6575/6772)
  fetching prices and history (6600/6772)
  fetching prices and history (6625/6772)
  fetching prices and history (6650/6772)
  fetching prices and history (6675/6772)
  fetching prices and history (6700/6772)
  fetching prices and history (6725/6772)
  fetching prices and history (6750/6772)
  fetching prices and history (6772/6772)
  wrote dashboard.json — 220.68 MB, 6995 companies (6995/6995)
end_utc=2026-09-28T18:22:13Z
exit_code=0
358b03211d87e3db8ffca57d9244d6244295225cac6eb3bd250196890d3014a5  api/screener/static/dashboard.json
bytes=220681011
Filesystem      Size    Used   Avail Capacity iused ifree %iused  Mounted on
/dev/disk3s5   460Gi   403Gi    10Gi    98%    9.2M  109M    8%   /System/Volumes/Data
/dev/disk3s5   460Gi   403Gi    10Gi    98%    9.2M  109M    8%   /System/Volumes/Data
The system has 17179869184 (1048576 pages with a page size of 16384).
System-wide memory free percentage: 38%
