start_utc=2026-09-28T18:22:21Z
Filesystem      Size    Used   Avail Capacity iused ifree %iused  Mounted on
/dev/disk3s5   460Gi   403Gi    10Gi    98%    9.2M  109M    8%   /System/Volumes/Data
/dev/disk3s5   460Gi   403Gi    10Gi    98%    9.2M  109M    8%   /System/Volumes/Data
The system has 17179869184 (1048576 pages with a page size of 16384).
System-wide memory free percentage: 44%
cd api && .venv/bin/python -m screener.audit
auditing 22 companies

  KO       ok
  MSFT     ok
  JPM      ok
  O        ok
  ZLAB     ok
  GOOGL    ok
  RIVN     ok
  ET       ok
  EML      ok
  AAPL     ok
  JNJ      ok
  FUSB     ok
  BRK-B    ok
  PG       ok
  XOM      ok
  UNH      ok
  T        ok
  F        ok
  PLTR     ok
  MKL      ok
  NKE      ok
  ORCL     ok

  values matching the filing they name : 279 ok, 0 wrong
  figures matching their own arithmetic: 3411 ok, 0 wrong
  components superseded by a newer filing: 0
  matching the published statement     : 0 ok, 0 wrong (0 lines not printed)
  not checkable from the payload       : 0
end_utc=2026-09-28T18:22:25Z
exit_code=0
Filesystem      Size    Used   Avail Capacity iused ifree %iused  Mounted on
/dev/disk3s5   460Gi   403Gi    10Gi    98%    9.2M  108M    8%   /System/Volumes/Data
/dev/disk3s5   460Gi   403Gi    10Gi    98%    9.2M  108M    8%   /System/Volumes/Data
The system has 17179869184 (1048576 pages with a page size of 16384).
System-wide memory free percentage: 38%
